# Scene tracker rolling log (last 12 real runs)
---
RUN 2026-09-29T09:55:37Z
2026-09-29T09:52:15Z INFO Pulling origin/main
2026-09-29T09:52:15Z INFO Fetching @the.silver.age.hq (1/84)
2026-09-29T09:52:16Z INFO Fetching @thepouchphl (2/84)
2026-09-29T09:52:18Z INFO Fetching @kitchenette.phl (3/84)
2026-09-29T09:52:21Z INFO Fetching @theunderworldphilly (4/84)
2026-09-29T09:52:23Z INFO Fetching @themeadowphl (5/84)
2026-09-29T09:52:26Z INFO Fetching @overyonder.phl (6/84)
2026-09-29T09:52:28Z INFO Fetching @lbp.phl (7/84)
2026-09-29T09:52:31Z INFO Fetching @the_allegory_philly (8/84)
2026-09-29T09:52:33Z INFO Fetching @yargapresents (9/84)
2026-09-29T09:52:36Z INFO Fetching @octopusgraveyard (10/84)
2026-09-29T09:52:38Z INFO Fetching @4333collective (11/84)
2026-09-29T09:52:41Z INFO Fetching @themachinephilly (12/84)
2026-09-29T09:52:43Z INFO Fetching @houseshowphilly (13/84)
2026-09-29T09:52:46Z INFO Fetching @jerseyshowscene (14/84)
2026-09-29T09:52:48Z INFO Fetching @tagabowphl (15/84)
2026-09-29T09:52:50Z INFO Fetching @lilyseabird (16/84)
2026-09-29T09:52:53Z INFO Fetching @robberrobber.info (17/84)
2026-09-29T09:52:55Z INFO Fetching @superjackattacks (18/84)
2026-09-29T09:52:58Z INFO Fetching @soft_idiot (19/84)
2026-09-29T09:53:00Z INFO Fetching @awaygameband (20/84)
2026-09-29T09:53:03Z INFO Fetching @alltheflowersband (21/84)
2026-09-29T09:53:05Z INFO Fetching @arm.bite (22/84)
2026-09-29T09:53:08Z INFO Fetching @trashthebathhouse (23/84)
2026-09-29T09:53:10Z INFO Fetching @vaguepositivity (24/84)
2026-09-29T09:53:13Z INFO Fetching @cableknit_band (25/84)
2026-09-29T09:53:15Z INFO Fetching @gaydream_band (26/84)
2026-09-29T09:53:18Z INFO Fetching @ledge.phl (27/84)
2026-09-29T09:53:20Z INFO Fetching @the.silver.age (28/84)
2026-09-29T09:53:23Z INFO Fetching @0liviacooper (29/84)
2026-09-29T09:53:26Z INFO Fetching @_9_a_h_ (30/84)
2026-09-29T09:53:28Z INFO Fetching @behringer_x32 (31/84)
2026-09-29T09:53:30Z INFO Fetching @aublemusic (32/84)
2026-09-29T09:53:33Z INFO Fetching @sweetpilll (33/84)
2026-09-29T09:53:35Z INFO Fetching @onion.transfer (34/84)
2026-09-29T09:53:38Z INFO Fetching @phillyjerseyscene (35/84)
2026-09-29T09:53:40Z INFO Fetching @nysa.band (36/84)
2026-09-29T09:53:43Z INFO Fetching @attackdogband (37/84)
2026-09-29T09:53:45Z INFO Fetching @diyphilly (38/84)
2026-09-29T09:53:48Z INFO Fetching @interzone.nj (39/84)
2026-09-29T09:53:50Z INFO Fetching @the_sanctuary_phl (40/84)
2026-09-29T09:53:53Z INFO Fetching @yell_at_god (41/84)
2026-09-29T09:53:55Z INFO Fetching @thecoachroomphilly (42/84)
2026-09-29T09:53:58Z INFO Fetching @orpheus.garden (43/84)
2026-09-29T09:54:00Z INFO Fetching @minimart.phl (44/84)
2026-09-29T09:54:03Z WARNING Exact count unavailable for @minimart.phl; using displayed count
2026-09-29T09:54:03Z INFO Fetching @snakepit_philly (45/84)
2026-09-29T09:54:05Z INFO Fetching @fumblinperksphl (46/84)
2026-09-29T09:54:07Z INFO Fetching @kennelphilly (47/84)
2026-09-29T09:54:10Z INFO Fetching @theroof.phl (48/84)
2026-09-29T09:54:12Z INFO Fetching @tgh_philly (49/84)
2026-09-29T09:54:15Z INFO Fetching @thegarden_philly (50/84)
2026-09-29T09:54:17Z INFO Fetching @luigismansionphl (51/84)
2026-09-29T09:54:20Z INFO Fetching @ourhousephl (52/84)
2026-09-29T09:54:22Z INFO Fetching @meetinghouse.phl (53/84)
2026-09-29T09:54:25Z INFO Fetching @wvrmhole.philly (54/84)
2026-09-29T09:54:27Z INFO Fetching @nightmairandpercysphl (55/84)
2026-09-29T09:54:30Z INFO Fetching @greenhaus.phl (56/84)
2026-09-29T09:54:32Z INFO Fetching @pjplayhouse_phl (57/84)
2026-09-29T09:54:34Z INFO Fetching @starstable.phl (58/84)
2026-09-29T09:54:37Z INFO Fetching @deadbirdsphl (59/84)
2026-09-29T09:54:39Z INFO Fetching @the_kitchen.phl (60/84)
2026-09-29T09:54:42Z INFO Fetching @rugclubphl (61/84)
2026-09-29T09:54:44Z INFO Fetching @howls_castle_phila (62/84)
2026-09-29T09:54:46Z INFO Fetching @cambriaphl (63/84)
2026-09-29T09:54:49Z INFO Fetching @tralfamadore.southphilly (64/84)
2026-09-29T09:54:51Z INFO Fetching @babasmagicgarden (65/84)
2026-09-29T09:54:54Z INFO Fetching @soleyssuperawesomefunworld (66/84)
2026-09-29T09:54:56Z INFO Fetching @thebirdsnestphilly (67/84)
2026-09-29T09:54:58Z INFO Fetching @f0ntain (68/84)
2026-09-29T09:55:01Z INFO Fetching @bohemiaphilly (69/84)
2026-09-29T09:55:03Z INFO Fetching @velvet_pelvis (70/84)
2026-09-29T09:55:06Z INFO Fetching @thesilophl (71/84)
2026-09-29T09:55:08Z INFO Fetching @fourteenthirteenlive (72/84)
2026-09-29T09:55:10Z INFO Fetching @litterbox.phl (73/84)
2026-09-29T09:55:13Z INFO Fetching @paulbunyanphl (74/84)
2026-09-29T09:55:15Z INFO Fetching @monsterspeedway (75/84)
2026-09-29T09:55:18Z INFO Skipping inactive @attackdogmusic (76/84)
2026-09-29T09:55:18Z INFO Fetching @thecourse_fishtown (77/84)
2026-09-29T09:55:20Z INFO Fetching @laundromat.phl (78/84)
2026-09-29T09:55:23Z INFO Fetching @1737phl (79/84)
2026-09-29T09:55:25Z INFO Fetching @diyenjoyer (80/84)
2026-09-29T09:55:28Z INFO Fetching @kruseler_ (81/84)
2026-09-29T09:55:30Z INFO Fetching @gardenvarietyphilly (82/84)
2026-09-29T09:55:33Z INFO Fetching @sunburntfrog.philly (83/84)
2026-09-29T09:55:35Z INFO Fetching @livingrunephl (84/84)
2026-09-29T09:55:37Z INFO Collected 83 counts and 1 blanks
2026-09-29T09:55:38Z INFO Appended follower counts at 2026-09-29T09:55:37Z
